// Jest Snapshot v1, https://goo.gl/fbAQLP

exports[`PropTypes snapshot 1`] = `
<DocumentFragment>
  <div
    class="output"
  >
    123
  </div>
</DocumentFragment>
`;
