// Jest Snapshot v1, https://goo.gl/fbAQLP

exports[`PropTypes snapshot 1`] = `
<DocumentFragment>
  <button
    class="orange"
    title="+"
    type="button"
  >
    +
  </button>
</DocumentFragment>
`;
