// Jest Snapshot v1, https://goo.gl/fbAQLP

exports[`CalculatorPage component snapshot 1`] = `
<DocumentFragment>
  <section
    class="section-calculator"
  >
    <h2
      class="section-title fade-in-left"
    >
      Let's do some maths!
    </h2>
    <div
      class="calculator fade-in-top"
    >
      <div
        class="output"
      >
        <div
          class="output2"
        >
          0
        </div>
      </div>
      <div
        class="keyboard"
      >
        <button
          title="AC"
          type="button"
        >
          AC
        </button>
        <button
          title="+/-"
          type="button"
        >
          +/-
        </button>
        <button
          title="%"
          type="button"
        >
          %
        </button>
        <button
          class="orange"
          title="รท"
          type="button"
        >
          รท
        </button>
        <button
          title="7"
          type="button"
        >
          7
        </button>
        <button
          title="8"
          type="button"
        >
          8
        </button>
        <button
          title="9"
          type="button"
        >
          9
        </button>
        <button
          class="orange"
          title="x"
          type="button"
        >
          x
        </button>
        <button
          title="4"
          type="button"
        >
          4
        </button>
        <button
          title="5"
          type="button"
        >
          5
        </button>
        <button
          title="6"
          type="button"
        >
          6
        </button>
        <button
          class="orange"
          title="-"
          type="button"
        >
          -
        </button>
        <button
          title="1"
          type="button"
        >
          1
        </button>
        <button
          title="2"
          type="button"
        >
          2
        </button>
        <button
          title="3"
          type="button"
        >
          3
        </button>
        <button
          class="orange"
          title="+"
          type="button"
        >
          +
        </button>
        <button
          title="0"
          type="button"
        >
          0
        </button>
        <button
          title="."
          type="button"
        >
          .
        </button>
        <button
          class="orange"
          title="="
          type="button"
        >
          =
        </button>
      </div>
    </div>
  </section>
</DocumentFragment>
`;
